TESTNAME is codegen00034
simple='reflex={=reflexive=}'
x1='reflex={=reflexive=}'
x2='reflex={=reflexive=}'
x3='reflex={=reflexive=}'
CB_BRANCH_NAME='{=CB_BRANCH_NAME=}'
CB_CODELINE_NAME='{=CB_CODELINE_NAME=}'
CB_IS_CVS_SCM='{=CB_IS_CVS_SCM=}'
CB_IS_JAVANET='{=CB_IS_JAVANET=}'
CB_IS_SVN_SCM='{=CB_IS_SVN_SCM=}'
CB_PRODUCT_NAME='{=CB_PRODUCT_NAME=}'
CB_PRODUCT_SHORT_NAME='{=CB_PRODUCT_SHORT_NAME=}'

call loop:
car=CB_BRANCH_NAME
car=CB_CODELINE_NAME
car=CB_IS_CVS_SCM
car=CB_IS_JAVANET
car=CB_IS_SVN_SCM
car=CB_PRODUCT_NAME
car=CB_PRODUCT_SHORT_NAME

cdr:
car=CB_BRANCH_NAME cdr=CB_CODELINE_NAMECB_IS_CVS_SCMCB_IS_JAVANETCB_IS_SVN_SCMCB_PRODUCT_NAMECB_PRODUCT_SHORT_NAME
car=CB_CODELINE_NAME cdr=CB_IS_CVS_SCMCB_IS_JAVANETCB_IS_SVN_SCMCB_PRODUCT_NAMECB_PRODUCT_SHORT_NAME
car=CB_IS_CVS_SCM cdr=CB_IS_JAVANETCB_IS_SVN_SCMCB_PRODUCT_NAMECB_PRODUCT_SHORT_NAME
car=CB_IS_JAVANET cdr=CB_IS_SVN_SCMCB_PRODUCT_NAMECB_PRODUCT_SHORT_NAME
car=CB_IS_SVN_SCM cdr=CB_PRODUCT_NAMECB_PRODUCT_SHORT_NAME
car=CB_PRODUCT_NAME cdr=CB_PRODUCT_SHORT_NAME
car=CB_PRODUCT_SHORT_NAME cdr=${vars:undef}
