<?xml version="1.0" encoding="UTF-8"?>
<top>
    <a>
        <b>
            <c>c_01</c>
            <d>d_01</d>
            <e>e_01</e>
        </b>
        <b>
            <c>c_02</c>
            <d>d_02</d>
            <e>e_02</e>
        </b>
        <b>
            <c>c_03</c>
            <d>d_03</d>
            <e>e_03</e>
        </b>
        <id>id_01</id>
    </a>
    <a>
        <id>id_03</id>
        <id>id_04</id>
        <id>id_05</id>
    </a>
</top>
